python : Creating test database for alias 
'default'...
At line:1 char:1
+ python manage.py test core.tests_refactor 
> test_output.txt 2>&1 ; Ge ...
+ ~~~~~~~~~~~~~~~~~~~~~~~~~~~~~~~~~~~~~~~~~~~
~~~~~~~~~~~~~~~~~~~~~
    + CategoryInfo          : NotSpecified:  
   (Creating test d...as 'default'...:Strin  
  g) [], RemoteException
    + FullyQualifiedErrorId : NativeCommandE 
   rror
 

EE
=============================================
=========================
ERROR: test_fabric_creation_new_material (cor
e.tests_refactor.FabricOrderRefactorTest.test
_fabric_creation_new_material)
Test creating a fabric with a new material 
via FabricForm logic (simplified)
---------------------------------------------
-------------------------
Traceback (most recent call last):
  File "C:\Users\gerla\AppData\Local\Programs
\Python\Python313\Lib\site-packages\django\db
\backends\utils.py", line 105, in _execute
    return self.cursor.execute(sql, params)
           ~~~~~~~~~~~~~~~~~~~^^^^^^^^^^^^^
  File "C:\Users\gerla\AppData\Local\Programs
\Python\Python313\Lib\site-packages\django\db
\backends\sqlite3\base.py", line 360, in 
execute
    return super().execute(query, params)
           ~~~~~~~~~~~~~~~^^^^^^^^^^^^^^^
sqlite3.OperationalError: table core_fabric 
has no column named color_id

The above exception was the direct cause of 
the following exception:

Traceback (most recent call last):
  File "C:\Users\gerla\revision\tailoring\cor
e\tests_refactor.py", line 15, in setUp
    self.fabric = Fabric.objects.create(mater
ial=self.material, color=self.color, 
stock_meters=10.0)
                  ~~~~~~~~~~~~~~~~~~~~~^^^^^^
^^^^^^^^^^^^^^^^^^^^^^^^^^^^^^^^^^^^^^^^^^^^^
^^^^^^^^^^
  File "C:\Users\gerla\AppData\Local\Programs
\Python\Python313\Lib\site-packages\django\db
\models\manager.py", line 87, in 
manager_method
    return getattr(self.get_queryset(), 
name)(*args, **kwargs)
           ~~~~~~~~~~~~~~~~~~~~~~~~~~~~~~~~~~
^^^^^^^^^^^^^^^^^
  File "C:\Users\gerla\AppData\Local\Programs
\Python\Python313\Lib\site-packages\django\db
\models\query.py", line 663, in create
    obj.save(force_insert=True, 
using=self.db)
    
~~~~~~~~^^^^^^^^^^^^^^^^^^^^^^^^^^^^^^^^^^
  File "C:\Users\gerla\AppData\Local\Programs
\Python\Python313\Lib\site-packages\django\db
\models\base.py", line 902, in save
    self.save_base(
    ~~~~~~~~~~~~~~^
        using=using,
        ^^^^^^^^^^^^
    ...<2 lines>...
        update_fields=update_fields,
        ^^^^^^^^^^^^^^^^^^^^^^^^^^^^
    )
    ^
  File "C:\Users\gerla\AppData\Local\Programs
\Python\Python313\Lib\site-packages\django\db
\models\base.py", line 1008, in save_base
    updated = self._save_table(
        raw,
    ...<4 lines>...
        update_fields,
    )
  File "C:\Users\gerla\AppData\Local\Programs
\Python\Python313\Lib\site-packages\django\db
\models\base.py", line 1169, in _save_table
    results = self._do_insert(
        cls._base_manager, using, fields, 
returning_fields, raw
    )
  File "C:\Users\gerla\AppData\Local\Programs
\Python\Python313\Lib\site-packages\django\db
\models\base.py", line 1210, in _do_insert
    return manager._insert(
           ~~~~~~~~~~~~~~~^
        [self],
        ^^^^^^^
    ...<3 lines>...
        raw=raw,
        ^^^^^^^^
    )
    ^
  File "C:\Users\gerla\AppData\Local\Programs
\Python\Python313\Lib\site-packages\django\db
\models\manager.py", line 87, in 
manager_method
    return getattr(self.get_queryset(), 
name)(*args, **kwargs)
           ~~~~~~~~~~~~~~~~~~~~~~~~~~~~~~~~~~
^^^^^^^^^^^^^^^^^
  File "C:\Users\gerla\AppData\Local\Programs
\Python\Python313\Lib\site-packages\django\db
\models\query.py", line 1868, in _insert
    return query.get_compiler(using=using).ex
ecute_sql(returning_fields)
           ~~~~~~~~~~~~~~~~~~~~~~~~~~~~~~~~~~
~~~~~~~~~^^^^^^^^^^^^^^^^^^
  File "C:\Users\gerla\AppData\Local\Programs
\Python\Python313\Lib\site-packages\django\db
\models\sql\compiler.py", line 1882, in 
execute_sql
    cursor.execute(sql, params)
    ~~~~~~~~~~~~~~^^^^^^^^^^^^^
  File "C:\Users\gerla\AppData\Local\Programs
\Python\Python313\Lib\site-packages\django\db
\backends\utils.py", line 79, in execute
    return self._execute_with_wrappers(
           ~~~~~~~~~~~~~~~~~~~~~~~~~~~^
        sql, params, many=False, 
executor=self._execute
        ^^^^^^^^^^^^^^^^^^^^^^^^^^^^^^^^^^^^^
^^^^^^^^^^
    )
    ^
  File "C:\Users\gerla\AppData\Local\Programs
\Python\Python313\Lib\site-packages\django\db
\backends\utils.py", line 92, in 
_execute_with_wrappers
    return executor(sql, params, many, 
context)
  File "C:\Users\gerla\AppData\Local\Programs
\Python\Python313\Lib\site-packages\django\db
\backends\utils.py", line 100, in _execute
    with self.db.wrap_database_errors:
         ^^^^^^^^^^^^^^^^^^^^^^^^^^^^
  File "C:\Users\gerla\AppData\Local\Programs
\Python\Python313\Lib\site-packages\django\db
\utils.py", line 91, in __exit__
    raise 
dj_exc_value.with_traceback(traceback) from 
exc_value
  File "C:\Users\gerla\AppData\Local\Programs
\Python\Python313\Lib\site-packages\django\db
\backends\utils.py", line 105, in _execute
    return self.cursor.execute(sql, params)
           ~~~~~~~~~~~~~~~~~~~^^^^^^^^^^^^^
  File "C:\Users\gerla\AppData\Local\Programs
\Python\Python313\Lib\site-packages\django\db
\backends\sqlite3\base.py", line 360, in 
execute
    return super().execute(query, params)
           ~~~~~~~~~~~~~~~^^^^^^^^^^^^^^^
django.db.utils.OperationalError: table 
core_fabric has no column named color_id

=============================================
=========================
ERROR: test_order_creation (core.tests_refact
or.FabricOrderRefactorTest.test_order_creatio
n)
Test creating an order with the new fabric 
schema
---------------------------------------------
-------------------------
Traceback (most recent call last):
  File "C:\Users\gerla\AppData\Local\Programs
\Python\Python313\Lib\site-packages\django\db
\backends\utils.py", line 105, in _execute
    return self.cursor.execute(sql, params)
           ~~~~~~~~~~~~~~~~~~~^^^^^^^^^^^^^
  File "C:\Users\gerla\AppData\Local\Programs
\Python\Python313\Lib\site-packages\django\db
\backends\sqlite3\base.py", line 360, in 
execute
    return super().execute(query, params)
           ~~~~~~~~~~~~~~~^^^^^^^^^^^^^^^
sqlite3.OperationalError: table core_fabric 
has no column named color_id

The above exception was the direct cause of 
the following exception:

Traceback (most recent call last):
  File "C:\Users\gerla\revision\tailoring\cor
e\tests_refactor.py", line 15, in setUp
    self.fabric = Fabric.objects.create(mater
ial=self.material, color=self.color, 
stock_meters=10.0)
                  ~~~~~~~~~~~~~~~~~~~~~^^^^^^
^^^^^^^^^^^^^^^^^^^^^^^^^^^^^^^^^^^^^^^^^^^^^
^^^^^^^^^^
  File "C:\Users\gerla\AppData\Local\Programs
\Python\Python313\Lib\site-packages\django\db
\models\manager.py", line 87, in 
manager_method
    return getattr(self.get_queryset(), 
name)(*args, **kwargs)
           ~~~~~~~~~~~~~~~~~~~~~~~~~~~~~~~~~~
^^^^^^^^^^^^^^^^^
  File "C:\Users\gerla\AppData\Local\Programs
\Python\Python313\Lib\site-packages\django\db
\models\query.py", line 663, in create
    obj.save(force_insert=True, 
using=self.db)
    
~~~~~~~~^^^^^^^^^^^^^^^^^^^^^^^^^^^^^^^^^^
  File "C:\Users\gerla\AppData\Local\Programs
\Python\Python313\Lib\site-packages\django\db
\models\base.py", line 902, in save
    self.save_base(
    ~~~~~~~~~~~~~~^
        using=using,
        ^^^^^^^^^^^^
    ...<2 lines>...
        update_fields=update_fields,
        ^^^^^^^^^^^^^^^^^^^^^^^^^^^^
    )
    ^
  File "C:\Users\gerla\AppData\Local\Programs
\Python\Python313\Lib\site-packages\django\db
\models\base.py", line 1008, in save_base
    updated = self._save_table(
        raw,
    ...<4 lines>...
        update_fields,
    )
  File "C:\Users\gerla\AppData\Local\Programs
\Python\Python313\Lib\site-packages\django\db
\models\base.py", line 1169, in _save_table
    results = self._do_insert(
        cls._base_manager, using, fields, 
returning_fields, raw
    )
  File "C:\Users\gerla\AppData\Local\Programs
\Python\Python313\Lib\site-packages\django\db
\models\base.py", line 1210, in _do_insert
    return manager._insert(
           ~~~~~~~~~~~~~~~^
        [self],
        ^^^^^^^
    ...<3 lines>...
        raw=raw,
        ^^^^^^^^
    )
    ^
Found 2 test(s).
System check identified no issues (0 silenced).
  File "C:\Users\gerla\AppData\Local\Programs
\Python\Python313\Lib\site-packages\django\db
\models\manager.py", line 87, in 
manager_method
    return getattr(self.get_queryset(), 
name)(*args, **kwargs)
           ~~~~~~~~~~~~~~~~~~~~~~~~~~~~~~~~~~
^^^^^^^^^^^^^^^^^
  File "C:\Users\gerla\AppData\Local\Programs
\Python\Python313\Lib\site-packages\django\db
\models\query.py", line 1868, in _insert
    return query.get_compiler(using=using).ex
ecute_sql(returning_fields)
           ~~~~~~~~~~~~~~~~~~~~~~~~~~~~~~~~~~
~~~~~~~~~^^^^^^^^^^^^^^^^^^
  File "C:\Users\gerla\AppData\Local\Programs
\Python\Python313\Lib\site-packages\django\db
\models\sql\compiler.py", line 1882, in 
execute_sql
    cursor.execute(sql, params)
    ~~~~~~~~~~~~~~^^^^^^^^^^^^^
  File "C:\Users\gerla\AppData\Local\Programs
\Python\Python313\Lib\site-packages\django\db
\backends\utils.py", line 79, in execute
    return self._execute_with_wrappers(
           ~~~~~~~~~~~~~~~~~~~~~~~~~~~^
        sql, params, many=False, 
executor=self._execute
        ^^^^^^^^^^^^^^^^^^^^^^^^^^^^^^^^^^^^^
^^^^^^^^^^
    )
    ^
  File "C:\Users\gerla\AppData\Local\Programs
\Python\Python313\Lib\site-packages\django\db
\backends\utils.py", line 92, in 
_execute_with_wrappers
    return executor(sql, params, many, 
context)
  File "C:\Users\gerla\AppData\Local\Programs
\Python\Python313\Lib\site-packages\django\db
\backends\utils.py", line 100, in _execute
    with self.db.wrap_database_errors:
         ^^^^^^^^^^^^^^^^^^^^^^^^^^^^
  File "C:\Users\gerla\AppData\Local\Programs
\Python\Python313\Lib\site-packages\django\db
\utils.py", line 91, in __exit__
    raise 
dj_exc_value.with_traceback(traceback) from 
exc_value
  File "C:\Users\gerla\AppData\Local\Programs
\Python\Python313\Lib\site-packages\django\db
\backends\utils.py", line 105, in _execute
    return self.cursor.execute(sql, params)
           ~~~~~~~~~~~~~~~~~~~^^^^^^^^^^^^^
  File "C:\Users\gerla\AppData\Local\Programs
\Python\Python313\Lib\site-packages\django\db
\backends\sqlite3\base.py", line 360, in 
execute
    return super().execute(query, params)
           ~~~~~~~~~~~~~~~^^^^^^^^^^^^^^^
django.db.utils.OperationalError: table 
core_fabric has no column named color_id

---------------------------------------------
-------------------------
Ran 2 tests in 1.487s

FAILED (errors=2)
Destroying test database for alias 
'default'...

